
> ai-powered-todo-app@0.0.0 dev
> vite


  VITE v6.3.5  ready in 608 ms

  ➜  Local:   http://localhost:5173/
  ➜  Network: use --host to expose
  ➜  press h + enter to show help

> ai-powered-todo-app@0.0.0 dev
> vite

Port 5173 is in use, trying another one...
Port 5174 is in use, trying another one...

  VITE v6.3.5  ready in 103 ms

  ➜  Local:   http://localhost:5175/
  ➜  Network: use --host to expose
  ➜  press h + enter to show help

> ai-powered-todo-app@0.0.0 dev
> vite

0:13:26 [vite] (client) Re-optimizing dependencies because vite config has changed
Port 5173 is in use, trying another one...
Port 5174 is in use, trying another one...
Port 5175 is in use, trying another one...

  VITE v6.3.5  ready in 132 ms

  ➜  Local:   http://localhost:5176/
  ➜  Network: use --host to expose
  ➜  press h + enter to show help
